  Determining projects to restore...
C:\Users\Baxtiyar\Desktop\residaptek-backend\SmartTeam\SmartTeam.csproj : warning NU1603: SmartTeam depends on SixLabors.ImageSharp.Web (>= 3.1.11) but SixLabors.ImageSharp.Web 3.1.11 was not found. SixLabors.ImageSharp.Web 3.2.0 was resolved instead. [C:\Users\Baxtiyar\Desktop\residaptek-backend\SmartTeam.sln]
  All projects are up-to-date for restore.
C:\Program Files\dotnet\sdk\9.0.200-preview.0.25057.12\Sdks\Microsoft.NET.Sdk\targets\Microsoft.NET.RuntimeIdentifierInference.targets(326,5): message NETSDK1057: You are using a preview version of .NET. See: https://aka.ms/dotnet-support-policy [C:\Users\Baxtiyar\Desktop\residaptek-backend\SmartTeam.Domain\SmartTeam.Domain.csproj]
C:\Program Files\dotnet\sdk\9.0.200-preview.0.25057.12\Sdks\Microsoft.NET.Sdk\targets\Microsoft.NET.RuntimeIdentifierInference.targets(326,5): message NETSDK1057: You are using a preview version of .NET. See: https://aka.ms/dotnet-support-policy [C:\Users\Baxtiyar\Desktop\residaptek-backend\SmartTeam.Infrastructure\SmartTeam.Infrastructure.csproj]
C:\Program Files\dotnet\sdk\9.0.200-preview.0.25057.12\Sdks\Microsoft.NET.Sdk\targets\Microsoft.NET.RuntimeIdentifierInference.targets(326,5): message NETSDK1057: You are using a preview version of .NET. See: https://aka.ms/dotnet-support-policy [C:\Users\Baxtiyar\Desktop\residaptek-backend\SmartTeam.Application\SmartTeam.Application.csproj]
C:\Program Files\dotnet\sdk\9.0.200-preview.0.25057.12\Sdks\Microsoft.NET.Sdk\targets\Microsoft.NET.RuntimeIdentifierInference.targets(326,5): message NETSDK1057: You are using a preview version of .NET. See: https://aka.ms/dotnet-support-policy [C:\Users\Baxtiyar\Desktop\residaptek-backend\SmartTeam\SmartTeam.csproj]
  SmartTeam.Domain -> C:\Users\Baxtiyar\Desktop\residaptek-backend\SmartTeam.Domain\bin\Debug\net8.0\SmartTeam.Domain.dll
C:\Users\Baxtiyar\Desktop\residaptek-backend\SmartTeam\SmartTeam.csproj : warning NU1603: SmartTeam depends on SixLabors.ImageSharp.Web (>= 3.1.11) but SixLabors.ImageSharp.Web 3.1.11 was not found. SixLabors.ImageSharp.Web 3.2.0 was resolved instead.
C:\Users\Baxtiyar\Desktop\residaptek-backend\SmartTeam.Application\Services\OrderService.cs(4,7): warning CS0105: The using directive for 'AutoMapper' appeared previously in this namespace [C:\Users\Baxtiyar\Desktop\residaptek-backend\SmartTeam.Application\SmartTeam.Application.csproj]
C:\Users\Baxtiyar\Desktop\residaptek-backend\SmartTeam.Application\Services\OrderService.cs(5,7): warning CS0105: The using directive for 'Microsoft.Extensions.Options' appeared previously in this namespace [C:\Users\Baxtiyar\Desktop\residaptek-backend\SmartTeam.Application\SmartTeam.Application.csproj]
C:\Users\Baxtiyar\Desktop\residaptek-backend\SmartTeam.Application\Services\OrderService.cs(6,7): warning CS0105: The using directive for 'SmartTeam.Application.Configuration' appeared previously in this namespace [C:\Users\Baxtiyar\Desktop\residaptek-backend\SmartTeam.Application\SmartTeam.Application.csproj]
C:\Users\Baxtiyar\Desktop\residaptek-backend\SmartTeam.Application\Services\IProductService.cs(36,72): error CS0104: 'StockStatus' is an ambiguous reference between 'SmartTeam.Application.DTOs.StockStatus' and 'SmartTeam.Domain.Enums.StockStatus' [C:\Users\Baxtiyar\Desktop\residaptek-backend\SmartTeam.Application\SmartTeam.Application.csproj]
C:\Users\Baxtiyar\Desktop\residaptek-backend\SmartTeam.Application\Services\ProductService.cs(12,31): error CS0535: 'ProductService' does not implement interface member 'IProductService.GetProductsByStockStatusAsync(StockStatus, int, int, CancellationToken)' [C:\Users\Baxtiyar\Desktop\residaptek-backend\SmartTeam.Application\SmartTeam.Application.csproj]

Build FAILED.

C:\Users\Baxtiyar\Desktop\residaptek-backend\SmartTeam\SmartTeam.csproj : warning NU1603: SmartTeam depends on SixLabors.ImageSharp.Web (>= 3.1.11) but SixLabors.ImageSharp.Web 3.1.11 was not found. SixLabors.ImageSharp.Web 3.2.0 was resolved instead. [C:\Users\Baxtiyar\Desktop\residaptek-backend\SmartTeam.sln]
C:\Users\Baxtiyar\Desktop\residaptek-backend\SmartTeam\SmartTeam.csproj : warning NU1603: SmartTeam depends on SixLabors.ImageSharp.Web (>= 3.1.11) but SixLabors.ImageSharp.Web 3.1.11 was not found. SixLabors.ImageSharp.Web 3.2.0 was resolved instead.
C:\Users\Baxtiyar\Desktop\residaptek-backend\SmartTeam.Application\Services\OrderService.cs(4,7): warning CS0105: The using directive for 'AutoMapper' appeared previously in this namespace [C:\Users\Baxtiyar\Desktop\residaptek-backend\SmartTeam.Application\SmartTeam.Application.csproj]
C:\Users\Baxtiyar\Desktop\residaptek-backend\SmartTeam.Application\Services\OrderService.cs(5,7): warning CS0105: The using directive for 'Microsoft.Extensions.Options' appeared previously in this namespace [C:\Users\Baxtiyar\Desktop\residaptek-backend\SmartTeam.Application\SmartTeam.Application.csproj]
C:\Users\Baxtiyar\Desktop\residaptek-backend\SmartTeam.Application\Services\OrderService.cs(6,7): warning CS0105: The using directive for 'SmartTeam.Application.Configuration' appeared previously in this namespace [C:\Users\Baxtiyar\Desktop\residaptek-backend\SmartTeam.Application\SmartTeam.Application.csproj]
C:\Users\Baxtiyar\Desktop\residaptek-backend\SmartTeam.Application\Services\IProductService.cs(36,72): error CS0104: 'StockStatus' is an ambiguous reference between 'SmartTeam.Application.DTOs.StockStatus' and 'SmartTeam.Domain.Enums.StockStatus' [C:\Users\Baxtiyar\Desktop\residaptek-backend\SmartTeam.Application\SmartTeam.Application.csproj]
C:\Users\Baxtiyar\Desktop\residaptek-backend\SmartTeam.Application\Services\ProductService.cs(12,31): error CS0535: 'ProductService' does not implement interface member 'IProductService.GetProductsByStockStatusAsync(StockStatus, int, int, CancellationToken)' [C:\Users\Baxtiyar\Desktop\residaptek-backend\SmartTeam.Application\SmartTeam.Application.csproj]
    5 Warning(s)
    2 Error(s)

Time Elapsed 00:00:05.74
